> Task :gradle-plugin:settings-plugin:checkKotlinGradlePluginConfigurationErrors SKIPPED
> Task :gradle-plugin:shared:checkKotlinGradlePluginConfigurationErrors SKIPPED
> Task :gradle-plugin:shared:compileKotlin UP-TO-DATE
> Task :gradle-plugin:shared:compileJava NO-SOURCE
> Task :gradle-plugin:shared:processResources NO-SOURCE
> Task :gradle-plugin:shared:classes UP-TO-DATE
> Task :gradle-plugin:shared:jar UP-TO-DATE
> Task :gradle-plugin:settings-plugin:compileKotlin UP-TO-DATE
> Task :gradle-plugin:settings-plugin:compileJava NO-SOURCE
> Task :gradle-plugin:settings-plugin:pluginDescriptors UP-TO-DATE
> Task :gradle-plugin:settings-plugin:processResources UP-TO-DATE
> Task :gradle-plugin:settings-plugin:classes UP-TO-DATE
> Task :gradle-plugin:settings-plugin:jar UP-TO-DATE
> Task :gradle-plugin:react-native-gradle-plugin:checkKotlinGradlePluginConfigurationErrors SKIPPED
> Task :gradle-plugin:react-native-gradle-plugin:compileKotlin UP-TO-DATE
> Task :gradle-plugin:react-native-gradle-plugin:compileJava NO-SOURCE
> Task :gradle-plugin:react-native-gradle-plugin:pluginDescriptors UP-TO-DATE
> Task :gradle-plugin:react-native-gradle-plugin:processResources UP-TO-DATE
> Task :gradle-plugin:react-native-gradle-plugin:classes UP-TO-DATE
> Task :gradle-plugin:react-native-gradle-plugin:jar UP-TO-DATE

> Configure project :react-native-mmkv
[NitroModules] 🔥 NitroMmkv is boosted by nitro!

> Configure project :react-native-nitro-modules
[NitroModules] 🔥 Your app is boosted by nitro modules!

> Configure project :react-native-nitro-sqlite
[NitroModules] 🔥 RNNitroSQLite is boosted by nitro!

> Task :app:generateAutolinkingNewArchitectureFiles UP-TO-DATE
> Task :app:generateAutolinkingPackageList UP-TO-DATE
> Task :app:generateCodegenSchemaFromJavaScript SKIPPED
> Task :app:generateCodegenArtifactsFromSchema SKIPPED
> Task :app:generateReactNativeEntryPoint UP-TO-DATE
> Task :react-native-linear-gradient:preBuild UP-TO-DATE

> Task :react-native-mmkv:generateCodegenSchemaFromJavaScript
No modules to process in combine-js-to-schema-cli. If this is unexpected, please check if you set up your NativeComponent correctly. See combine-js-to-schema.js for how codegen finds modules.

> Task :react-native-mmkv:generateCodegenArtifactsFromSchema
> Task :react-native-mmkv:preBuild
> Task :react-native-nitro-modules:generateCodegenSchemaFromJavaScript UP-TO-DATE
> Task :react-native-nitro-modules:generateCodegenArtifactsFromSchema UP-TO-DATE
> Task :react-native-nitro-modules:prepareHeaders UP-TO-DATE
> Task :react-native-nitro-modules:preBuild UP-TO-DATE
> Task :react-native-nitro-sqlite:generateCodegenSchemaFromJavaScript UP-TO-DATE
> Task :react-native-nitro-sqlite:generateCodegenArtifactsFromSchema UP-TO-DATE
> Task :react-native-nitro-sqlite:preBuild UP-TO-DATE
> Task :react-native-safe-area-context:generateCodegenSchemaFromJavaScript UP-TO-DATE
> Task :react-native-safe-area-context:generateCodegenArtifactsFromSchema UP-TO-DATE
> Task :react-native-safe-area-context:preBuild UP-TO-DATE
> Task :react-native-screens:generateCodegenSchemaFromJavaScript UP-TO-DATE
> Task :react-native-screens:generateCodegenArtifactsFromSchema UP-TO-DATE
> Task :react-native-screens:preBuild UP-TO-DATE
> Task :react-native-vector-icons_ionicons:copyFonts UP-TO-DATE
> Task :react-native-vector-icons_ionicons:generateCodegenSchemaFromJavaScript UP-TO-DATE
> Task :react-native-vector-icons_ionicons:generateCodegenArtifactsFromSchema UP-TO-DATE
> Task :react-native-vector-icons_ionicons:preBuild UP-TO-DATE
> Task :react-native-vector-icons_material-design-icons:copyFonts UP-TO-DATE
> Task :react-native-vector-icons_material-design-icons:generateCodegenSchemaFromJavaScript UP-TO-DATE
> Task :react-native-vector-icons_material-design-icons:generateCodegenArtifactsFromSchema UP-TO-DATE
> Task :react-native-vector-icons_material-design-icons:preBuild UP-TO-DATE
> Task :app:preBuild
> Task :app:preReleaseBuild
> Task :react-native-nitro-modules:preReleaseBuild UP-TO-DATE
> Task :react-native-nitro-modules:configureCMakeRelWithDebInfo[arm64-v8a]
> Task :react-native-nitro-modules:buildCMakeRelWithDebInfo[arm64-v8a]
> Task :react-native-nitro-modules:configureCMakeRelWithDebInfo[armeabi-v7a]
> Task :react-native-nitro-modules:buildCMakeRelWithDebInfo[armeabi-v7a]
> Task :react-native-nitro-modules:configureCMakeRelWithDebInfo[x86]
> Task :react-native-nitro-modules:buildCMakeRelWithDebInfo[x86]
> Task :react-native-nitro-modules:configureCMakeRelWithDebInfo[x86_64]
> Task :react-native-nitro-modules:buildCMakeRelWithDebInfo[x86_64]
> Task :react-native-nitro-modules:externalNativeBuildRelease
> Task :react-native-nitro-modules:generateJsonModelRelease
> Task :react-native-nitro-modules:prefabReleaseConfigurePackage
> Task :app:configureCMakeRelWithDebInfo[arm64-v8a]
> Task :react-native-nitro-modules:prefabReleasePackage UP-TO-DATE
> Task :app:buildCMakeRelWithDebInfo[arm64-v8a]
> Task :app:configureCMakeRelWithDebInfo[armeabi-v7a]
> Task :app:buildCMakeRelWithDebInfo[armeabi-v7a]
> Task :app:configureCMakeRelWithDebInfo[x86]
> Task :app:buildCMakeRelWithDebInfo[x86]
> Task :app:configureCMakeRelWithDebInfo[x86_64]
> Task :app:buildCMakeRelWithDebInfo[x86_64]
> Task :app:mergeReleaseJniLibFolders UP-TO-DATE
> Task :react-native-linear-gradient:preReleaseBuild UP-TO-DATE
> Task :react-native-linear-gradient:mergeReleaseJniLibFolders UP-TO-DATE
> Task :react-native-linear-gradient:mergeReleaseNativeLibs NO-SOURCE
> Task :react-native-linear-gradient:copyReleaseJniLibsProjectOnly UP-TO-DATE
> Task :react-native-mmkv:preReleaseBuild
> Task :react-native-mmkv:configureCMakeRelWithDebInfo[arm64-v8a]
> Task :react-native-mmkv:buildCMakeRelWithDebInfo[arm64-v8a]
> Task :react-native-mmkv:configureCMakeRelWithDebInfo[armeabi-v7a]
> Task :react-native-mmkv:buildCMakeRelWithDebInfo[armeabi-v7a]
> Task :react-native-mmkv:configureCMakeRelWithDebInfo[x86]
> Task :react-native-mmkv:buildCMakeRelWithDebInfo[x86]
> Task :react-native-mmkv:configureCMakeRelWithDebInfo[x86_64]
> Task :react-native-mmkv:buildCMakeRelWithDebInfo[x86_64]
> Task :react-native-mmkv:mergeReleaseJniLibFolders UP-TO-DATE
> Task :react-native-mmkv:mergeReleaseNativeLibs UP-TO-DATE
> Task :react-native-mmkv:copyReleaseJniLibsProjectOnly UP-TO-DATE
> Task :react-native-nitro-modules:mergeReleaseJniLibFolders UP-TO-DATE
> Task :react-native-nitro-modules:mergeReleaseNativeLibs UP-TO-DATE
> Task :react-native-nitro-modules:copyReleaseJniLibsProjectOnly UP-TO-DATE
> Task :react-native-nitro-sqlite:preReleaseBuild UP-TO-DATE
> Task :react-native-nitro-sqlite:configureCMakeRelWithDebInfo[arm64-v8a]

> Task :react-native-nitro-sqlite:buildCMakeRelWithDebInfo[arm64-v8a]
C/C++: ninja: Entering directory `/home/rcherki10/Projects/RecallAI/node_modules/react-native-nitro-sqlite/android/.cxx/RelWithDebInfo/1se1x1xr/arm64-v8a'
C/C++: /home/rcherki10/Android/Sdk/ndk/27.1.12297006/toolchains/llvm/prebuilt/linux-x86_64/bin/clang++ --target=aarch64-none-linux-android24 --sysroot=/home/rcherki10/Android/Sdk/ndk/27.1.12297006/toolchains/llvm/prebuilt/linux-x86_64/sysroot -DBUILDING_RNNITROSQLITE_WITH_GENERATED_CMAKE_PROJECT -DFOLLY_CFG_NO_COROUTINES=1 -DFOLLY_HAVE_CLOCK_GETTIME=1 -DFOLLY_HAVE_PTHREAD=1 -DFOLLY_HAVE_RECVMMSG=1 -DFOLLY_HAVE_XSI_STRERROR_R=1 -DFOLLY_MOBILE=1 -DFOLLY_NO_CONFIG=1 -DFOLLY_USE_LIBCPP=1 -DRNNitroSQLite_EXPORTS -I/home/rcherki10/Projects/RecallAI/node_modules/react-native-nitro-sqlite/android/../nitrogen/generated/shared/c++ -I/home/rcherki10/Projects/RecallAI/node_modules/react-native-nitro-sqlite/android/../nitrogen/generated/android/c++ -I/home/rcherki10/Projects/RecallAI/node_modules/react-native-nitro-sqlite/android/../nitrogen/generated/android -I/home/rcherki10/Projects/RecallAI/node_modules/react-native-nitro-sqlite/android/../cpp -I/home/rcherki10/Projects/RecallAI/node_modules/react-native-nitro-sqlite/android/../cpp/specs -I/home/rcherki10/Projects/RecallAI/node_modules/react-native-nitro-sqlite/android/../cpp/sqlite -I/home/rcherki10/Projects/RecallAI/node_modules/react-native-nitro-sqlite/android/src/main/cpp -isystem /home/rcherki10/.gradle/caches/8.14.5/transforms/25022d12e37fa0746c81497912ccedb5/transformed/fbjni-0.7.0/prefab/modules/fbjni/include -isystem /home/rcherki10/.gradle/caches/8.14.5/transforms/c0fe9a23dbe37156837cf26e4005c4e6/transformed/react-android-0.81.5-release/prefab/modules/jsi/include -isystem /home/rcherki10/Projects/RecallAI/node_modules/react-native-nitro-modules/android/build/headers/nitromodules -isystem /home/rcherki10/.gradle/caches/8.14.5/transforms/c0fe9a23dbe37156837cf26e4005c4e6/transformed/react-android-0.81.5-release/prefab/modules/reactnative/include -g -DANDROID -fdata-sections -ffunction-sections -funwind-tables -fstack-protector-strong -no-canonical-prefixes -D__BIONIC_NO_PAGE_SIZE_MACRO -D_FORTIFY_SOURCE=2 -Wformat -Werror=format-security   -O2 -g -DNDEBUG -fPIC -DLOG_TAG=\"ReactNative\" -fexceptions -frtti -fstack-protector-all -O2 -Wall -DONANDROID -std=c++20 -MD -MT CMakeFiles/RNNitroSQLite.dir/home/rcherki10/Projects/RecallAI/node_modules/react-native-nitro-sqlite/nitrogen/generated/android/c++/JHybridNitroSQLiteOnLoadSpec.cpp.o -MF CMakeFiles/RNNitroSQLite.dir/home/rcherki10/Projects/RecallAI/node_modules/react-native-nitro-sqlite/nitrogen/generated/android/c++/JHybridNitroSQLiteOnLoadSpec.cpp.o.d -o CMakeFiles/RNNitroSQLite.dir/home/rcherki10/Projects/RecallAI/node_modules/react-native-nitro-sqlite/nitrogen/generated/android/c++/JHybridNitroSQLiteOnLoadSpec.cpp.o -c /home/rcherki10/Projects/RecallAI/node_modules/react-native-nitro-sqlite/nitrogen/generated/android/c++/JHybridNitroSQLiteOnLoadSpec.cpp
C/C++: In file included from /home/rcherki10/Projects/RecallAI/node_modules/react-native-nitro-sqlite/nitrogen/generated/android/c++/JHybridNitroSQLiteOnLoadSpec.cpp:8:
C/C++: In file included from /home/rcherki10/Projects/RecallAI/node_modules/react-native-nitro-sqlite/nitrogen/generated/android/c++/JHybridNitroSQLiteOnLoadSpec.hpp:10:
C/C++: In file included from /home/rcherki10/Projects/RecallAI/node_modules/react-native-nitro-modules/android/build/headers/nitromodules/NitroModules/JHybridObject.hpp:11:
C/C++: In file included from /home/rcherki10/.gradle/caches/8.14.5/transforms/25022d12e37fa0746c81497912ccedb5/transformed/fbjni-0.7.0/prefab/modules/fbjni/include/fbjni/fbjni.h:25:
C/C++: /home/rcherki10/.gradle/caches/8.14.5/transforms/25022d12e37fa0746c81497912ccedb5/transformed/fbjni-0.7.0/prefab/modules/fbjni/include/fbjni/detail/Hybrid.h:107:7: error: static assertion failed due to requirement 'std::is_base_of<facebook::jni::JObject, margelo::nitro::JHybridObject>::value || std::is_base_of<facebook::jni::detail::BaseHybridClass, margelo::nitro::JHybridObject>::value': The base of a HybridClass must be either another HybridClass or derived from JObject.
C/C++:   107 |       std::is_base_of<JObject, Base>::value ||
C/C++:       |       ^~~~~~~~~~~~~~~~~~~~~~~~~~~~~~~~~~~~~~~~
C/C++:   108 |           std::is_base_of<BaseHybridClass, Base>::value,
C/C++:       |           ~~~~~~~~~~~~~~~~~~~~~~~~~~~~~~~~~~~~~~~~~~~~~
C/C++: /home/rcherki10/.gradle/caches/8.14.5/transforms/25022d12e37fa0746c81497912ccedb5/transformed/fbjni-0.7.0/prefab/modules/fbjni/include/fbjni/detail/Hybrid.h:167:36: note: in instantiation of template class 'facebook::jni::detail::HybridTraits<margelo::nitro::JHybridObject>' requested here
C/C++:   167 | class HybridClass : public detail::HybridTraits<Base>::CxxBase {
C/C++:       |                                    ^
C/C++: /home/rcherki10/Projects/RecallAI/node_modules/react-native-nitro-sqlite/nitrogen/generated/android/c++/JHybridNitroSQLiteOnLoadSpec.hpp:21:46: note: in instantiation of template class 'facebook::jni::HybridClass<margelo::nitro::rnnitrosqlite::JHybridNitroSQLiteOnLoadSpec, margelo::nitro::JHybridObject>' requested here
C/C++:    21 |   class JHybridNitroSQLiteOnLoadSpec: public jni::HybridClass<JHybridNitroSQLiteOnLoadSpec, JHybridObject>,
C/C++:       |                                              ^
C/C++: In file included from /home/rcherki10/Projects/RecallAI/node_modules/react-native-nitro-sqlite/nitrogen/generated/android/c++/JHybridNitroSQLiteOnLoadSpec.cpp:8:
C/C++: In file included from /home/rcherki10/Projects/RecallAI/node_modules/react-native-nitro-sqlite/nitrogen/generated/android/c++/JHybridNitroSQLiteOnLoadSpec.hpp:10:
C/C++: In file included from /home/rcherki10/Projects/RecallAI/node_modules/react-native-nitro-modules/android/build/headers/nitromodules/NitroModules/JHybridObject.hpp:11:
C/C++: In file included from /home/rcherki10/.gradle/caches/8.14.5/transforms/25022d12e37fa0746c81497912ccedb5/transformed/fbjni-0.7.0/prefab/modules/fbjni/include/fbjni/fbjni.h:25:
C/C++: /home/rcherki10/.gradle/caches/8.14.5/transforms/25022d12e37fa0746c81497912ccedb5/transformed/fbjni-0.7.0/prefab/modules/fbjni/include/fbjni/detail/Hybrid.h:170:66: error: no type named 'JavaBase' in 'facebook::jni::detail::HybridTraits<margelo::nitro::JHybridObject>'
C/C++:   170 |       : JavaClass<JavaPart, typename detail::HybridTraits<Base>::JavaBase> {
C/C++:       |                             ~~~~~~~~~~~~~~~~~~~~~~~~~~~~~~~~~~~~~^~~~~~~~
C/C++: /home/rcherki10/.gradle/caches/8.14.5/transforms/25022d12e37fa0746c81497912ccedb5/transformed/fbjni-0.7.0/prefab/modules/fbjni/include/fbjni/detail/Hybrid.h:190:34: note: in instantiation of member class 'facebook::jni::HybridClass<margelo::nitro::rnnitrosqlite::JHybridNitroSQLiteOnLoadSpec, margelo::nitro::JHybridObject>::JavaPart' requested here
C/C++:   190 |   using jhybridobject = typename JavaPart::javaobject;
C/C++:       |                                  ^
C/C++: /home/rcherki10/Projects/RecallAI/node_modules/react-native-nitro-sqlite/nitrogen/generated/android/c++/JHybridNitroSQLiteOnLoadSpec.hpp:21:46: note: in instantiation of template class 'facebook::jni::HybridClass<margelo::nitro::rnnitrosqlite::JHybridNitroSQLiteOnLoadSpec, margelo::nitro::JHybridObject>' requested here
C/C++:    21 |   class JHybridNitroSQLiteOnLoadSpec: public jni::HybridClass<JHybridNitroSQLiteOnLoadSpec, JHybridObject>,
C/C++:       |                                              ^
C/C++: In file included from /home/rcherki10/Projects/RecallAI/node_modules/react-native-nitro-sqlite/nitrogen/generated/android/c++/JHybridNitroSQLiteOnLoadSpec.cpp:8:
C/C++: In file included from /home/rcherki10/Projects/RecallAI/node_modules/react-native-nitro-sqlite/nitrogen/generated/android/c++/JHybridNitroSQLiteOnLoadSpec.hpp:10:
C/C++: In file included from /home/rcherki10/Projects/RecallAI/node_modules/react-native-nitro-modules/android/build/headers/nitromodules/NitroModules/JHybridObject.hpp:11:
C/C++: In file included from /home/rcherki10/.gradle/caches/8.14.5/transforms/25022d12e37fa0746c81497912ccedb5/transformed/fbjni-0.7.0/prefab/modules/fbjni/include/fbjni/fbjni.h:25:
C/C++: /home/rcherki10/.gradle/caches/8.14.5/transforms/25022d12e37fa0746c81497912ccedb5/transformed/fbjni-0.7.0/prefab/modules/fbjni/include/fbjni/detail/Hybrid.h:191:41: error: no type named 'javaobject' in 'facebook::jni::HybridClass<margelo::nitro::rnnitrosqlite::JHybridNitroSQLiteOnLoadSpec, margelo::nitro::JHybridObject>::JavaPart'
C/C++:   191 |   using javaobject = typename JavaPart::javaobject;
C/C++:       |                      ~~~~~~~~~~~~~~~~~~~^~~~~~~~~~
C/C++: /home/rcherki10/Projects/RecallAI/node_modules/react-native-nitro-sqlite/nitrogen/generated/android/c++/JHybridNitroSQLiteOnLoadSpec.hpp:21:46: note: in instantiation of template class 'facebook::jni::HybridClass<margelo::nitro::rnnitrosqlite::JHybridNitroSQLiteOnLoadSpec, margelo::nitro::JHybridObject>' requested here
C/C++:    21 |   class JHybridNitroSQLiteOnLoadSpec: public jni::HybridClass<JHybridNitroSQLiteOnLoadSpec, JHybridObject>,
C/C++:       |                                              ^
C/C++: In file included from /home/rcherki10/Projects/RecallAI/node_modules/react-native-nitro-sqlite/nitrogen/generated/android/c++/JHybridNitroSQLiteOnLoadSpec.cpp:8:
C/C++: In file included from /home/rcherki10/Projects/RecallAI/node_modules/react-native-nitro-sqlite/nitrogen/generated/android/c++/JHybridNitroSQLiteOnLoadSpec.hpp:10:
C/C++: In file included from /home/rcherki10/Projects/RecallAI/node_modules/react-native-nitro-modules/android/build/headers/nitromodules/NitroModules/JHybridObject.hpp:11:
C/C++: In file included from /home/rcherki10/.gradle/caches/8.14.5/transforms/25022d12e37fa0746c81497912ccedb5/transformed/fbjni-0.7.0/prefab/modules/fbjni/include/fbjni/fbjni.h:25:
C/C++: /home/rcherki10/.gradle/caches/8.14.5/transforms/25022d12e37fa0746c81497912ccedb5/transformed/fbjni-0.7.0/prefab/modules/fbjni/include/fbjni/detail/Hybrid.h:210:37: error: no member named 'CxxBase' in 'facebook::jni::detail::HybridTraits<margelo::nitro::JHybridObject>'
C/C++:   210 |   using detail::HybridTraits<Base>::CxxBase::CxxBase;
C/C++:       |         ~~~~~~~~~~~~~~~~~~~~~~~~~~~~^
C/C++: In file included from /home/rcherki10/Projects/RecallAI/node_modules/react-native-nitro-sqlite/nitrogen/generated/android/c++/JHybridNitroSQLiteOnLoadSpec.cpp:8:
C/C++: /home/rcherki10/Projects/RecallAI/node_modules/react-native-nitro-sqlite/nitrogen/generated/android/c++/JHybridNitroSQLiteOnLoadSpec.hpp:25:27: error: unknown type name 'jhybriddata'; did you mean 'JHybridObject::CxxPart::jhybriddata'?
C/C++:    25 |     static jni::local_ref<jhybriddata> initHybrid(jni::alias_ref<jhybridobject> jThis);
C/C++:       |                           ^~~~~~~~~~~
C/C++:       |                           JHybridObject::CxxPart::jhybriddata
C/C++: /home/rcherki10/.gradle/caches/8.14.5/transforms/25022d12e37fa0746c81497912ccedb5/transformed/fbjni-0.7.0/prefab/modules/fbjni/include/fbjni/detail/Hybrid.h:192:42: note: 'JHybridObject::CxxPart::jhybriddata' declared here
C/C++:   192 |   typedef detail::HybridData::javaobject jhybriddata;
C/C++:       |                                          ^
C/C++: In file included from /home/rcherki10/Projects/RecallAI/node_modules/react-native-nitro-sqlite/nitrogen/generated/android/c++/JHybridNitroSQLiteOnLoadSpec.cpp:8:
C/C++: /home/rcherki10/Projects/RecallAI/node_modules/react-native-nitro-sqlite/nitrogen/generated/android/c++/JHybridNitroSQLiteOnLoadSpec.hpp:25:66: error: unknown type name 'jhybridobject'; did you mean 'JHybridObject::CxxPart::jhybridobject'?
C/C++:    25 |     static jni::local_ref<jhybriddata> initHybrid(jni::alias_ref<jhybridobject> jThis);
C/C++:       |                                                                  ^~~~~~~~~~~~~
C/C++:       |                                                                  JHybridObject::CxxPart::jhybridobject
C/C++: /home/rcherki10/.gradle/caches/8.14.5/transforms/25022d12e37fa0746c81497912ccedb5/transformed/fbjni-0.7.0/prefab/modules/fbjni/include/fbjni/detail/Hybrid.h:190:9: note: 'JHybridObject::CxxPart::jhybridobject' declared here
C/C++:   190 |   using jhybridobject = typename JavaPart::javaobject;
C/C++:       |         ^
C/C++: In file included from /home/rcherki10/Projects/RecallAI/node_modules/react-native-nitro-sqlite/nitrogen/generated/android/c++/JHybridNitroSQLiteOnLoadSpec.cpp:8:
C/C++: /home/rcherki10/Projects/RecallAI/node_modules/react-native-nitro-sqlite/nitrogen/generated/android/c++/JHybridNitroSQLiteOnLoadSpec.hpp:30:58: error: unknown type name 'jhybridobject'; did you mean 'JHybridObject::CxxPart::jhybridobject'?
C/C++:    30 |     explicit JHybridNitroSQLiteOnLoadSpec(jni::alias_ref<jhybridobject> jThis) :
C/C++:       |                                                          ^~~~~~~~~~~~~
C/C++:       |                                                          JHybridObject::CxxPart::jhybridobject
C/C++: /home/rcherki10/.gradle/caches/8.14.5/transforms/25022d12e37fa0746c81497912ccedb5/transformed/fbjni-0.7.0/prefab/modules/fbjni/include/fbjni/detail/Hybrid.h:190:9: note: 'JHybridObject::CxxPart::jhybridobject' declared here
C/C++:   190 |   using jhybridobject = typename JavaPart::javaobject;
C/C++:       |         ^
C/C++: In file included from /home/rcherki10/Projects/RecallAI/node_modules/react-native-nitro-sqlite/nitrogen/generated/android/c++/JHybridNitroSQLiteOnLoadSpec.cpp:8:
C/C++: /home/rcherki10/Projects/RecallAI/node_modules/react-native-nitro-sqlite/nitrogen/generated/android/c++/JHybridNitroSQLiteOnLoadSpec.hpp:45:64: error: no member named 'javaobject' in 'margelo::nitro::rnnitrosqlite::JHybridNitroSQLiteOnLoadSpec'
C/C++:    45 |     inline const jni::global_ref<JHybridNitroSQLiteOnLoadSpec::javaobject>& getJavaPart() const noexcept {
C/C++:       |                                  ~~~~~~~~~~~~~~~~~~~~~~~~~~~~~~^
C/C++: /home/rcherki10/Projects/RecallAI/node_modules/react-native-nitro-sqlite/nitrogen/generated/android/c++/JHybridNitroSQLiteOnLoadSpec.hpp:58:12: error: a type specifier is required for all declarations
C/C++:    58 |     friend HybridBase;
C/C++:       |     ~~~~~~ ^
C/C++: /home/rcherki10/Projects/RecallAI/node_modules/react-native-nitro-sqlite/nitrogen/generated/android/c++/JHybridNitroSQLiteOnLoadSpec.hpp:58:12: error: friends can only be classes or functions
C/C++: /home/rcherki10/Projects/RecallAI/node_modules/react-native-nitro-sqlite/nitrogen/generated/android/c++/JHybridNitroSQLiteOnLoadSpec.hpp:59:11: error: use of undeclared identifier 'HybridBase'
C/C++:    59 |     using HybridBase::HybridBase;
C/C++:       |           ^
C/C++: /home/rcherki10/Projects/RecallAI/node_modules/react-native-nitro-sqlite/nitrogen/generated/android/c++/JHybridNitroSQLiteOnLoadSpec.hpp:60:51: error: no member named 'javaobject' in 'margelo::nitro::rnnitrosqlite::JHybridNitroSQLiteOnLoadSpec'
C/C++:    60 |     jni::global_ref<JHybridNitroSQLiteOnLoadSpec::javaobject> _javaPart;
C/C++:       |                     ~~~~~~~~~~~~~~~~~~~~~~~~~~~~~~^
C/C++: /home/rcherki10/Projects/RecallAI/node_modules/react-native-nitro-sqlite/nitrogen/generated/android/c++/JHybridNitroSQLiteOnLoadSpec.cpp:16:48: error: no member named 'jhybriddata' in 'margelo::nitro::rnnitrosqlite::JHybridNitroSQLiteOnLoadSpec'
C/C++:    16 |   jni::local_ref<JHybridNitroSQLiteOnLoadSpec::jhybriddata> JHybridNitroSQLiteOnLoadSpec::initHybrid(jni::alias_ref<jhybridobject> jThis) {
C/C++:       |                  ~~~~~~~~~~~~~~~~~~~~~~~~~~~~~~^
C/C++: /home/rcherki10/Projects/RecallAI/node_modules/react-native-nitro-sqlite/nitrogen/generated/android/c++/JHybridNitroSQLiteOnLoadSpec.cpp:16:117: error: unknown type name 'jhybridobject'; did you mean 'JHybridObject::CxxPart::jhybridobject'?
C/C++:    16 |   jni::local_ref<JHybridNitroSQLiteOnLoadSpec::jhybriddata> JHybridNitroSQLiteOnLoadSpec::initHybrid(jni::alias_ref<jhybridobject> jThis) {
C/C++:       |                                                                                                                     ^~~~~~~~~~~~~
C/C++:       |                                                                                                                     JHybridObject::CxxPart::jhybridobject
C/C++: /home/rcherki10/.gradle/caches/8.14.5/transforms/25022d12e37fa0746c81497912ccedb5/transformed/fbjni-0.7.0/prefab/modules/fbjni/include/fbjni/detail/Hybrid.h:190:9: note: 'JHybridObject::CxxPart::jhybridobject' declared here
C/C++:   190 |   using jhybridobject = typename JavaPart::javaobject;
C/C++:       |         ^
C/C++: /home/rcherki10/Projects/RecallAI/node_modules/react-native-nitro-sqlite/nitrogen/generated/android/c++/JHybridNitroSQLiteOnLoadSpec.cpp:17:12: error: use of undeclared identifier 'makeCxxInstance'
C/C++:    17 |     return makeCxxInstance(jThis);
C/C++:       |            ^
C/C++: /home/rcherki10/Projects/RecallAI/node_modules/react-native-nitro-sqlite/nitrogen/generated/android/c++/JHybridNitroSQLiteOnLoadSpec.cpp:21:5: error: use of undeclared identifier 'registerHybrid'
C/C++:    21 |     registerHybrid({
C/C++:       |     ^
C/C++: /home/rcherki10/Projects/RecallAI/node_modules/react-native-nitro-sqlite/nitrogen/generated/android/c++/JHybridNitroSQLiteOnLoadSpec.cpp:27:32: error: use of undeclared identifier 'javaClassStatic'
C/C++:    27 |     static const auto method = javaClassStatic()->getMethod<jlong()>("getMemorySize");
C/C++:       |                                ^
C/C++: /home/rcherki10/Projects/RecallAI/node_modules/react-native-nitro-sqlite/nitrogen/generated/android/c++/JHybridNitroSQLiteOnLoadSpec.cpp:32:32: error: use of undeclared identifier 'javaClassStatic'
C/C++:    32 |     static const auto method = javaClassStatic()->getMethod<void()>("dispose");
C/C++:       |                                ^
C/C++: /home/rcherki10/Projects/RecallAI/node_modules/react-native-nitro-sqlite/nitrogen/generated/android/c++/JHybridNitroSQLiteOnLoadSpec.cpp:41:32: error: use of undeclared identifier 'javaClassStatic'
C/C++:    41 |     static const auto method = javaClassStatic()->getMethod<void()>("init");
C/C++:       |                                ^
C/C++: 19 errors generated.
C/C++: /home/rcherki10/Android/Sdk/ndk/27.1.12297006/toolchains/llvm/prebuilt/linux-x86_64/bin/clang++ --target=aarch64-none-linux-android24 --sysroot=/home/rcherki10/Android/Sdk/ndk/27.1.12297006/toolchains/llvm/prebuilt/linux-x86_64/sysroot -DBUILDING_RNNITROSQLITE_WITH_GENERATED_CMAKE_PROJECT -DFOLLY_CFG_NO_COROUTINES=1 -DFOLLY_HAVE_CLOCK_GETTIME=1 -DFOLLY_HAVE_PTHREAD=1 -DFOLLY_HAVE_RECVMMSG=1 -DFOLLY_HAVE_XSI_STRERROR_R=1 -DFOLLY_MOBILE=1 -DFOLLY_NO_CONFIG=1 -DFOLLY_USE_LIBCPP=1 -DRNNitroSQLite_EXPORTS -I/home/rcherki10/Projects/RecallAI/node_modules/react-native-nitro-sqlite/android/../nitrogen/generated/shared/c++ -I/home/rcherki10/Projects/RecallAI/node_modules/react-native-nitro-sqlite/android/../nitrogen/generated/android/c++ -I/home/rcherki10/Projects/RecallAI/node_modules/react-native-nitro-sqlite/android/../nitrogen/generated/android -I/home/rcherki10/Projects/RecallAI/node_modules/react-native-nitro-sqlite/android/../cpp -I/home/rcherki10/Projects/RecallAI/node_modules/react-native-nitro-sqlite/android/../cpp/specs -I/home/rcherki10/Projects/RecallAI/node_modules/react-native-nitro-sqlite/android/../cpp/sqlite -I/home/rcherki10/Projects/RecallAI/node_modules/react-native-nitro-sqlite/android/src/main/cpp -isystem /home/rcherki10/.gradle/caches/8.14.5/transforms/25022d12e37fa0746c81497912ccedb5/transformed/fbjni-0.7.0/prefab/modules/fbjni/include -isystem /home/rcherki10/.gradle/caches/8.14.5/transforms/c0fe9a23dbe37156837cf26e4005c4e6/transformed/react-android-0.81.5-release/prefab/modules/jsi/include -isystem /home/rcherki10/Projects/RecallAI/node_modules/react-native-nitro-modules/android/build/headers/nitromodules -isystem /home/rcherki10/.gradle/caches/8.14.5/transforms/c0fe9a23dbe37156837cf26e4005c4e6/transformed/react-android-0.81.5-release/prefab/modules/reactnative/include -g -DANDROID -fdata-sections -ffunction-sections -funwind-tables -fstack-protector-strong -no-canonical-prefixes -D__BIONIC_NO_PAGE_SIZE_MACRO -D_FORTIFY_SOURCE=2 -Wformat -Werror=format-security   -O2 -g -DNDEBUG -fPIC -DLOG_TAG=\"ReactNative\" -fexceptions -frtti -fstack-protector-all -O2 -Wall -DONANDROID -std=c++20 -MD -MT CMakeFiles/RNNitroSQLite.dir/home/rcherki10/Projects/RecallAI/node_modules/react-native-nitro-sqlite/nitrogen/generated/android/RNNitroSQLiteOnLoad.cpp.o -MF CMakeFiles/RNNitroSQLite.dir/home/rcherki10/Projects/RecallAI/node_modules/react-native-nitro-sqlite/nitrogen/generated/android/RNNitroSQLiteOnLoad.cpp.o.d -o CMakeFiles/RNNitroSQLite.dir/home/rcherki10/Projects/RecallAI/node_modules/react-native-nitro-sqlite/nitrogen/generated/android/RNNitroSQLiteOnLoad.cpp.o -c /home/rcherki10/Projects/RecallAI/node_modules/react-native-nitro-sqlite/nitrogen/generated/android/RNNitroSQLiteOnLoad.cpp
C/C++: In file included from /home/rcherki10/Projects/RecallAI/node_modules/react-native-nitro-sqlite/nitrogen/generated/android/RNNitroSQLiteOnLoad.cpp:15:
C/C++: In file included from /home/rcherki10/.gradle/caches/8.14.5/transforms/25022d12e37fa0746c81497912ccedb5/transformed/fbjni-0.7.0/prefab/modules/fbjni/include/fbjni/fbjni.h:25:
C/C++: /home/rcherki10/.gradle/caches/8.14.5/transforms/25022d12e37fa0746c81497912ccedb5/transformed/fbjni-0.7.0/prefab/modules/fbjni/include/fbjni/detail/Hybrid.h:107:7: error: static assertion failed due to requirement 'std::is_base_of<facebook::jni::JObject, margelo::nitro::JHybridObject>::value || std::is_base_of<facebook::jni::detail::BaseHybridClass, margelo::nitro::JHybridObject>::value': The base of a HybridClass must be either another HybridClass or derived from JObject.
C/C++:   107 |       std::is_base_of<JObject, Base>::value ||
C/C++:       |       ^~~~~~~~~~~~~~~~~~~~~~~~~~~~~~~~~~~~~~~~
C/C++:   108 |           std::is_base_of<BaseHybridClass, Base>::value,
C/C++:       |           ~~~~~~~~~~~~~~~~~~~~~~~~~~~~~~~~~~~~~~~~~~~~~
C/C++: /home/rcherki10/.gradle/caches/8.14.5/transforms/25022d12e37fa0746c81497912ccedb5/transformed/fbjni-0.7.0/prefab/modules/fbjni/include/fbjni/detail/Hybrid.h:167:36: note: in instantiation of template class 'facebook::jni::detail::HybridTraits<margelo::nitro::JHybridObject>' requested here
C/C++:   167 | class HybridClass : public detail::HybridTraits<Base>::CxxBase {
C/C++:       |                                    ^
C/C++: /home/rcherki10/Projects/RecallAI/node_modules/react-native-nitro-sqlite/android/../nitrogen/generated/android/c++/JHybridNitroSQLiteOnLoadSpec.hpp:21:46: note: in instantiation of template class 'facebook::jni::HybridClass<margelo::nitro::rnnitrosqlite::JHybridNitroSQLiteOnLoadSpec, margelo::nitro::JHybridObject>' requested here
C/C++:    21 |   class JHybridNitroSQLiteOnLoadSpec: public jni::HybridClass<JHybridNitroSQLiteOnLoadSpec, JHybridObject>,
C/C++:       |                                              ^
C/C++: In file included from /home/rcherki10/Projects/RecallAI/node_modules/react-native-nitro-sqlite/nitrogen/generated/android/RNNitroSQLiteOnLoad.cpp:15:
C/C++: In file included from /home/rcherki10/.gradle/caches/8.14.5/transforms/25022d12e37fa0746c81497912ccedb5/transformed/fbjni-0.7.0/prefab/modules/fbjni/include/fbjni/fbjni.h:25:
C/C++: /home/rcherki10/.gradle/caches/8.14.5/transforms/25022d12e37fa0746c81497912ccedb5/transformed/fbjni-0.7.0/prefab/modules/fbjni/include/fbjni/detail/Hybrid.h:170:66: error: no type named 'JavaBase' in 'facebook::jni::detail::HybridTraits<margelo::nitro::JHybridObject>'
C/C++:   170 |       : JavaClass<JavaPart, typename detail::HybridTraits<Base>::JavaBase> {
C/C++:       |                             ~~~~~~~~~~~~~~~~~~~~~~~~~~~~~~~~~~~~~^~~~~~~~
C/C++: /home/rcherki10/.gradle/caches/8.14.5/transforms/25022d12e37fa0746c81497912ccedb5/transformed/fbjni-0.7.0/prefab/modules/fbjni/include/fbjni/detail/Hybrid.h:190:34: note: in instantiation of member class 'facebook::jni::HybridClass<margelo::nitro::rnnitrosqlite::JHybridNitroSQLiteOnLoadSpec, margelo::nitro::JHybridObject>::JavaPart' requested here
C/C++:   190 |   using jhybridobject = typename JavaPart::javaobject;
C/C++:       |                                  ^
C/C++: /home/rcherki10/Projects/RecallAI/node_modules/react-native-nitro-sqlite/android/../nitrogen/generated/android/c++/JHybridNitroSQLiteOnLoadSpec.hpp:21:46: note: in instantiation of template class 'facebook::jni::HybridClass<margelo::nitro::rnnitrosqlite::JHybridNitroSQLiteOnLoadSpec, margelo::nitro::JHybridObject>' requested here
C/C++:    21 |   class JHybridNitroSQLiteOnLoadSpec: public jni::HybridClass<JHybridNitroSQLiteOnLoadSpec, JHybridObject>,
C/C++:       |                                              ^
C/C++: In file included from /home/rcherki10/Projects/RecallAI/node_modules/react-native-nitro-sqlite/nitrogen/generated/android/RNNitroSQLiteOnLoad.cpp:15:
C/C++: In file included from /home/rcherki10/.gradle/caches/8.14.5/transforms/25022d12e37fa0746c81497912ccedb5/transformed/fbjni-0.7.0/prefab/modules/fbjni/include/fbjni/fbjni.h:25:
C/C++: /home/rcherki10/.gradle/caches/8.14.5/transforms/25022d12e37fa0746c81497912ccedb5/transformed/fbjni-0.7.0/prefab/modules/fbjni/include/fbjni/detail/Hybrid.h:191:41: error: no type named 'javaobject' in 'facebook::jni::HybridClass<margelo::nitro::rnnitrosqlite::JHybridNitroSQLiteOnLoadSpec, margelo::nitro::JHybridObject>::JavaPart'
C/C++:   191 |   using javaobject = typename JavaPart::javaobject;
C/C++:       |                      ~~~~~~~~~~~~~~~~~~~^~~~~~~~~~
C/C++: /home/rcherki10/Projects/RecallAI/node_modules/react-native-nitro-sqlite/android/../nitrogen/generated/android/c++/JHybridNitroSQLiteOnLoadSpec.hpp:21:46: note: in instantiation of template class 'facebook::jni::HybridClass<margelo::nitro::rnnitrosqlite::JHybridNitroSQLiteOnLoadSpec, margelo::nitro::JHybridObject>' requested here
C/C++:    21 |   class JHybridNitroSQLiteOnLoadSpec: public jni::HybridClass<JHybridNitroSQLiteOnLoadSpec, JHybridObject>,
C/C++:       |                                              ^
C/C++: In file included from /home/rcherki10/Projects/RecallAI/node_modules/react-native-nitro-sqlite/nitrogen/generated/android/RNNitroSQLiteOnLoad.cpp:15:
C/C++: In file included from /home/rcherki10/.gradle/caches/8.14.5/transforms/25022d12e37fa0746c81497912ccedb5/transformed/fbjni-0.7.0/prefab/modules/fbjni/include/fbjni/fbjni.h:25:
C/C++: /home/rcherki10/.gradle/caches/8.14.5/transforms/25022d12e37fa0746c81497912ccedb5/transformed/fbjni-0.7.0/prefab/modules/fbjni/include/fbjni/detail/Hybrid.h:210:37: error: no member named 'CxxBase' in 'facebook::jni::detail::HybridTraits<margelo::nitro::JHybridObject>'
C/C++:   210 |   using detail::HybridTraits<Base>::CxxBase::CxxBase;
C/C++:       |         ~~~~~~~~~~~~~~~~~~~~~~~~~~~~^
C/C++: In file included from /home/rcherki10/Projects/RecallAI/node_modules/react-native-nitro-sqlite/nitrogen/generated/android/RNNitroSQLiteOnLoad.cpp:18:
C/C++: /home/rcherki10/Projects/RecallAI/node_modules/react-native-nitro-sqlite/android/../nitrogen/generated/android/c++/JHybridNitroSQLiteOnLoadSpec.hpp:25:27: error: unknown type name 'jhybriddata'; did you mean 'JHybridObject::CxxPart::jhybriddata'?
C/C++:    25 |     static jni::local_ref<jhybriddata> initHybrid(jni::alias_ref<jhybridobject> jThis);
C/C++:       |                           ^~~~~~~~~~~
C/C++:       |                           JHybridObject::CxxPart::jhybriddata
C/C++: /home/rcherki10/.gradle/caches/8.14.5/transforms/25022d12e37fa0746c81497912ccedb5/transformed/fbjni-0.7.0/prefab/modules/fbjni/include/fbjni/detail/Hybrid.h:192:42: note: 'JHybridObject::CxxPart::jhybriddata' declared here
C/C++:   192 |   typedef detail::HybridData::javaobject jhybriddata;
C/C++:       |                                          ^
C/C++: In file included from /home/rcherki10/Projects/RecallAI/node_modules/react-native-nitro-sqlite/nitrogen/generated/android/RNNitroSQLiteOnLoad.cpp:18:
C/C++: /home/rcherki10/Projects/RecallAI/node_modules/react-native-nitro-sqlite/android/../nitrogen/generated/android/c++/JHybridNitroSQLiteOnLoadSpec.hpp:25:66: error: unknown type name 'jhybridobject'; did you mean 'JHybridObject::CxxPart::jhybridobject'?
C/C++:    25 |     static jni::local_ref<jhybriddata> initHybrid(jni::alias_ref<jhybridobject> jThis);
C/C++:       |                                                                  ^~~~~~~~~~~~~
C/C++:       |                                                                  JHybridObject::CxxPart::jhybridobject
C/C++: /home/rcherki10/.gradle/caches/8.14.5/transforms/25022d12e37fa0746c81497912ccedb5/transformed/fbjni-0.7.0/prefab/modules/fbjni/include/fbjni/detail/Hybrid.h:190:9: note: 'JHybridObject::CxxPart::jhybridobject' declared here
C/C++:   190 |   using jhybridobject = typename JavaPart::javaobject;
C/C++:       |         ^
C/C++: In file included from /home/rcherki10/Projects/RecallAI/node_modules/react-native-nitro-sqlite/nitrogen/generated/android/RNNitroSQLiteOnLoad.cpp:18:
C/C++: /home/rcherki10/Projects/RecallAI/node_modules/react-native-nitro-sqlite/android/../nitrogen/generated/android/c++/JHybridNitroSQLiteOnLoadSpec.hpp:30:58: error: unknown type name 'jhybridobject'; did you mean 'JHybridObject::CxxPart::jhybridobject'?
C/C++:    30 |     explicit JHybridNitroSQLiteOnLoadSpec(jni::alias_ref<jhybridobject> jThis) :
C/C++:       |                                                          ^~~~~~~~~~~~~
C/C++:       |                                                          JHybridObject::CxxPart::jhybridobject
C/C++: /home/rcherki10/.gradle/caches/8.14.5/transforms/25022d12e37fa0746c81497912ccedb5/transformed/fbjni-0.7.0/prefab/modules/fbjni/include/fbjni/detail/Hybrid.h:190:9: note: 'JHybridObject::CxxPart::jhybridobject' declared here
C/C++:   190 |   using jhybridobject = typename JavaPart::javaobject;
C/C++:       |         ^
C/C++: In file included from /home/rcherki10/Projects/RecallAI/node_modules/react-native-nitro-sqlite/nitrogen/generated/android/RNNitroSQLiteOnLoad.cpp:18:
C/C++: /home/rcherki10/Projects/RecallAI/node_modules/react-native-nitro-sqlite/android/../nitrogen/generated/android/c++/JHybridNitroSQLiteOnLoadSpec.hpp:45:64: error: no member named 'javaobject' in 'margelo::nitro::rnnitrosqlite::JHybridNitroSQLiteOnLoadSpec'
C/C++:    45 |     inline const jni::global_ref<JHybridNitroSQLiteOnLoadSpec::javaobject>& getJavaPart() const noexcept {
C/C++:       |                                  ~~~~~~~~~~~~~~~~~~~~~~~~~~~~~~^
C/C++: /home/rcherki10/Projects/RecallAI/node_modules/react-native-nitro-sqlite/android/../nitrogen/generated/android/c++/JHybridNitroSQLiteOnLoadSpec.hpp:58:12: error: a type specifier is required for all declarations
C/C++:    58 |     friend HybridBase;
C/C++:       |     ~~~~~~ ^
C/C++: /home/rcherki10/Projects/RecallAI/node_modules/react-native-nitro-sqlite/android/../nitrogen/generated/android/c++/JHybridNitroSQLiteOnLoadSpec.hpp:58:12: error: friends can only be classes or functions
C/C++: /home/rcherki10/Projects/RecallAI/node_modules/react-native-nitro-sqlite/android/../nitrogen/generated/android/c++/JHybridNitroSQLiteOnLoadSpec.hpp:59:11: error: use of undeclared identifier 'HybridBase'
C/C++:    59 |     using HybridBase::HybridBase;
C/C++:       |           ^
C/C++: /home/rcherki10/Projects/RecallAI/node_modules/react-native-nitro-sqlite/android/../nitrogen/generated/android/c++/JHybridNitroSQLiteOnLoadSpec.hpp:60:51: error: no member named 'javaobject' in 'margelo::nitro::rnnitrosqlite::JHybridNitroSQLiteOnLoadSpec'
C/C++:    60 |     jni::global_ref<JHybridNitroSQLiteOnLoadSpec::javaobject> _javaPart;
C/C++:       |                     ~~~~~~~~~~~~~~~~~~~~~~~~~~~~~~^
C/C++: /home/rcherki10/Projects/RecallAI/node_modules/react-native-nitro-sqlite/nitrogen/generated/android/RNNitroSQLiteOnLoad.cpp:47:73: error: no member named 'javaobject' in 'margelo::nitro::rnnitrosqlite::JHybridNitroSQLiteOnLoadSpec'
C/C++:    47 |         static DefaultConstructableObject<JHybridNitroSQLiteOnLoadSpec::javaobject> object("com/margelo/nitro/rnnitrosqlite/HybridNitroSQLiteOnLoad");
C/C++:       |                                           ~~~~~~~~~~~~~~~~~~~~~~~~~~~~~~^
C/C++: 13 errors generated.

> Task :react-native-nitro-sqlite:buildCMakeRelWithDebInfo[arm64-v8a] FAILED

[Incubating] Problems report is available at: file:///home/rcherki10/Projects/RecallAI/android/build/reports/problems/problems-report.html

FAILURE: Build failed with an exception.

* What went wrong:
Execution failed for task ':react-native-nitro-sqlite:buildCMakeRelWithDebInfo[arm64-v8a]'.
> com.android.ide.common.process.ProcessException: ninja: Entering directory `/home/rcherki10/Projects/RecallAI/node_modules/react-native-nitro-sqlite/android/.cxx/RelWithDebInfo/1se1x1xr/arm64-v8a'
  [1/3] Building CXX object CMakeFiles/RNNitroSQLite.dir/home/rcherki10/Projects/RecallAI/node_modules/react-native-nitro-sqlite/nitrogen/generated/android/c++/JHybridNitroSQLiteOnLoadSpec.cpp.o
  FAILED: CMakeFiles/RNNitroSQLite.dir/home/rcherki10/Projects/RecallAI/node_modules/react-native-nitro-sqlite/nitrogen/generated/android/c++/JHybridNitroSQLiteOnLoadSpec.cpp.o 
  /home/rcherki10/Android/Sdk/ndk/27.1.12297006/toolchains/llvm/prebuilt/linux-x86_64/bin/clang++ --target=aarch64-none-linux-android24 --sysroot=/home/rcherki10/Android/Sdk/ndk/27.1.12297006/toolchains/llvm/prebuilt/linux-x86_64/sysroot -DBUILDING_RNNITROSQLITE_WITH_GENERATED_CMAKE_PROJECT -DFOLLY_CFG_NO_COROUTINES=1 -DFOLLY_HAVE_CLOCK_GETTIME=1 -DFOLLY_HAVE_PTHREAD=1 -DFOLLY_HAVE_RECVMMSG=1 -DFOLLY_HAVE_XSI_STRERROR_R=1 -DFOLLY_MOBILE=1 -DFOLLY_NO_CONFIG=1 -DFOLLY_USE_LIBCPP=1 -DRNNitroSQLite_EXPORTS -I/home/rcherki10/Projects/RecallAI/node_modules/react-native-nitro-sqlite/android/../nitrogen/generated/shared/c++ -I/home/rcherki10/Projects/RecallAI/node_modules/react-native-nitro-sqlite/android/../nitrogen/generated/android/c++ -I/home/rcherki10/Projects/RecallAI/node_modules/react-native-nitro-sqlite/android/../nitrogen/generated/android -I/home/rcherki10/Projects/RecallAI/node_modules/react-native-nitro-sqlite/android/../cpp -I/home/rcherki10/Projects/RecallAI/node_modules/react-native-nitro-sqlite/android/../cpp/specs -I/home/rcherki10/Projects/RecallAI/node_modules/react-native-nitro-sqlite/android/../cpp/sqlite -I/home/rcherki10/Projects/RecallAI/node_modules/react-native-nitro-sqlite/android/src/main/cpp -isystem /home/rcherki10/.gradle/caches/8.14.5/transforms/25022d12e37fa0746c81497912ccedb5/transformed/fbjni-0.7.0/prefab/modules/fbjni/include -isystem /home/rcherki10/.gradle/caches/8.14.5/transforms/c0fe9a23dbe37156837cf26e4005c4e6/transformed/react-android-0.81.5-release/prefab/modules/jsi/include -isystem /home/rcherki10/Projects/RecallAI/node_modules/react-native-nitro-modules/android/build/headers/nitromodules -isystem /home/rcherki10/.gradle/caches/8.14.5/transforms/c0fe9a23dbe37156837cf26e4005c4e6/transformed/react-android-0.81.5-release/prefab/modules/reactnative/include -g -DANDROID -fdata-sections -ffunction-sections -funwind-tables -fstack-protector-strong -no-canonical-prefixes -D__BIONIC_NO_PAGE_SIZE_MACRO -D_FORTIFY_SOURCE=2 -Wformat -Werror=format-security   -O2 -g -DNDEBUG -fPIC -DLOG_TAG=\"ReactNative\" -fexceptions -frtti -fstack-protector-all -O2 -Wall -DONANDROID -std=c++20 -MD -MT CMakeFiles/RNNitroSQLite.dir/home/rcherki10/Projects/RecallAI/node_modules/react-native-nitro-sqlite/nitrogen/generated/android/c++/JHybridNitroSQLiteOnLoadSpec.cpp.o -MF CMakeFiles/RNNitroSQLite.dir/home/rcherki10/Projects/RecallAI/node_modules/react-native-nitro-sqlite/nitrogen/generated/android/c++/JHybridNitroSQLiteOnLoadSpec.cpp.o.d -o CMakeFiles/RNNitroSQLite.dir/home/rcherki10/Projects/RecallAI/node_modules/react-native-nitro-sqlite/nitrogen/generated/android/c++/JHybridNitroSQLiteOnLoadSpec.cpp.o -c /home/rcherki10/Projects/RecallAI/node_modules/react-native-nitro-sqlite/nitrogen/generated/android/c++/JHybridNitroSQLiteOnLoadSpec.cpp
  In file included from /home/rcherki10/Projects/RecallAI/node_modules/react-native-nitro-sqlite/nitrogen/generated/android/c++/JHybridNitroSQLiteOnLoadSpec.cpp:8:
  In file included from /home/rcherki10/Projects/RecallAI/node_modules/react-native-nitro-sqlite/nitrogen/generated/android/c++/JHybridNitroSQLiteOnLoadSpec.hpp:10:
  In file included from /home/rcherki10/Projects/RecallAI/node_modules/react-native-nitro-modules/android/build/headers/nitromodules/NitroModules/JHybridObject.hpp:11:
  In file included from /home/rcherki10/.gradle/caches/8.14.5/transforms/25022d12e37fa0746c81497912ccedb5/transformed/fbjni-0.7.0/prefab/modules/fbjni/include/fbjni/fbjni.h:25:
  /home/rcherki10/.gradle/caches/8.14.5/transforms/25022d12e37fa0746c81497912ccedb5/transformed/fbjni-0.7.0/prefab/modules/fbjni/include/fbjni/detail/Hybrid.h:107:7: error: static assertion failed due to requirement 'std::is_base_of<facebook::jni::JObject, margelo::nitro::JHybridObject>::value || std::is_base_of<facebook::jni::detail::BaseHybridClass, margelo::nitro::JHybridObject>::value': The base of a HybridClass must be either another HybridClass or derived from JObject.
    107 |       std::is_base_of<JObject, Base>::value ||
        |       ^~~~~~~~~~~~~~~~~~~~~~~~~~~~~~~~~~~~~~~~
    108 |           std::is_base_of<BaseHybridClass, Base>::value,
        |           ~~~~~~~~~~~~~~~~~~~~~~~~~~~~~~~~~~~~~~~~~~~~~
  /home/rcherki10/.gradle/caches/8.14.5/transforms/25022d12e37fa0746c81497912ccedb5/transformed/fbjni-0.7.0/prefab/modules/fbjni/include/fbjni/detail/Hybrid.h:167:36: note: in instantiation of template class 'facebook::jni::detail::HybridTraits<margelo::nitro::JHybridObject>' requested here
    167 | class HybridClass : public detail::HybridTraits<Base>::CxxBase {
        |                                    ^
  /home/rcherki10/Projects/RecallAI/node_modules/react-native-nitro-sqlite/nitrogen/generated/android/c++/JHybridNitroSQLiteOnLoadSpec.hpp:21:46: note: in instantiation of template class 'facebook::jni::HybridClass<margelo::nitro::rnnitrosqlite::JHybridNitroSQLiteOnLoadSpec, margelo::nitro::JHybridObject>' requested here
     21 |   class JHybridNitroSQLiteOnLoadSpec: public jni::HybridClass<JHybridNitroSQLiteOnLoadSpec, JHybridObject>,
        |                                              ^
  In file included from /home/rcherki10/Projects/RecallAI/node_modules/react-native-nitro-sqlite/nitrogen/generated/android/c++/JHybridNitroSQLiteOnLoadSpec.cpp:8:
  In file included from /home/rcherki10/Projects/RecallAI/node_modules/react-native-nitro-sqlite/nitrogen/generated/android/c++/JHybridNitroSQLiteOnLoadSpec.hpp:10:
  In file included from /home/rcherki10/Projects/RecallAI/node_modules/react-native-nitro-modules/android/build/headers/nitromodules/NitroModules/JHybridObject.hpp:11:
  In file included from /home/rcherki10/.gradle/caches/8.14.5/transforms/25022d12e37fa0746c81497912ccedb5/transformed/fbjni-0.7.0/prefab/modules/fbjni/include/fbjni/fbjni.h:25:
  /home/rcherki10/.gradle/caches/8.14.5/transforms/25022d12e37fa0746c81497912ccedb5/transformed/fbjni-0.7.0/prefab/modules/fbjni/include/fbjni/detail/Hybrid.h:170:66: error: no type named 'JavaBase' in 'facebook::jni::detail::HybridTraits<margelo::nitro::JHybridObject>'
    170 |       : JavaClass<JavaPart, typename detail::HybridTraits<Base>::JavaBase> {
        |                             ~~~~~~~~~~~~~~~~~~~~~~~~~~~~~~~~~~~~~^~~~~~~~
  /home/rcherki10/.gradle/caches/8.14.5/transforms/25022d12e37fa0746c81497912ccedb5/transformed/fbjni-0.7.0/prefab/modules/fbjni/include/fbjni/detail/Hybrid.h:190:34: note: in instantiation of member class 'facebook::jni::HybridClass<margelo::nitro::rnnitrosqlite::JHybridNitroSQLiteOnLoadSpec, margelo::nitro::JHybridObject>::JavaPart' requested here
    190 |   using jhybridobject = typename JavaPart::javaobject;
        |                                  ^
  /home/rcherki10/Projects/RecallAI/node_modules/react-native-nitro-sqlite/nitrogen/generated/android/c++/JHybridNitroSQLiteOnLoadSpec.hpp:21:46: note: in instantiation of template class 'facebook::jni::HybridClass<margelo::nitro::rnnitrosqlite::JHybridNitroSQLiteOnLoadSpec, margelo::nitro::JHybridObject>' requested here
     21 |   class JHybridNitroSQLiteOnLoadSpec: public jni::HybridClass<JHybridNitroSQLiteOnLoadSpec, JHybridObject>,
        |                                              ^
  In file included from /home/rcherki10/Projects/RecallAI/node_modules/react-native-nitro-sqlite/nitrogen/generated/android/c++/JHybridNitroSQLiteOnLoadSpec.cpp:8:
  In file included from /home/rcherki10/Projects/RecallAI/node_modules/react-native-nitro-sqlite/nitrogen/generated/android/c++/JHybridNitroSQLiteOnLoadSpec.hpp:10:
  In file included from /home/rcherki10/Projects/RecallAI/node_modules/react-native-nitro-modules/android/build/headers/nitromodules/NitroModules/JHybridObject.hpp:11:
  In file included from /home/rcherki10/.gradle/caches/8.14.5/transforms/25022d12e37fa0746c81497912ccedb5/transformed/fbjni-0.7.0/prefab/modules/fbjni/include/fbjni/fbjni.h:25:
  /home/rcherki10/.gradle/caches/8.14.5/transforms/25022d12e37fa0746c81497912ccedb5/transformed/fbjni-0.7.0/prefab/modules/fbjni/include/fbjni/detail/Hybrid.h:191:41: error: no type named 'javaobject' in 'facebook::jni::HybridClass<margelo::nitro::rnnitrosqlite::JHybridNitroSQLiteOnLoadSpec, margelo::nitro::JHybridObject>::JavaPart'
    191 |   using javaobject = typename JavaPart::javaobject;
        |                      ~~~~~~~~~~~~~~~~~~~^~~~~~~~~~
  /home/rcherki10/Projects/RecallAI/node_modules/react-native-nitro-sqlite/nitrogen/generated/android/c++/JHybridNitroSQLiteOnLoadSpec.hpp:21:46: note: in instantiation of template class 'facebook::jni::HybridClass<margelo::nitro::rnnitrosqlite::JHybridNitroSQLiteOnLoadSpec, margelo::nitro::JHybridObject>' requested here
     21 |   class JHybridNitroSQLiteOnLoadSpec: public jni::HybridClass<JHybridNitroSQLiteOnLoadSpec, JHybridObject>,
        |                                              ^
  In file included from /home/rcherki10/Projects/RecallAI/node_modules/react-native-nitro-sqlite/nitrogen/generated/android/c++/JHybridNitroSQLiteOnLoadSpec.cpp:8:
  In file included from /home/rcherki10/Projects/RecallAI/node_modules/react-native-nitro-sqlite/nitrogen/generated/android/c++/JHybridNitroSQLiteOnLoadSpec.hpp:10:
  In file included from /home/rcherki10/Projects/RecallAI/node_modules/react-native-nitro-modules/android/build/headers/nitromodules/NitroModules/JHybridObject.hpp:11:
  In file included from /home/rcherki10/.gradle/caches/8.14.5/transforms/25022d12e37fa0746c81497912ccedb5/transformed/fbjni-0.7.0/prefab/modules/fbjni/include/fbjni/fbjni.h:25:
  /home/rcherki10/.gradle/caches/8.14.5/transforms/25022d12e37fa0746c81497912ccedb5/transformed/fbjni-0.7.0/prefab/modules/fbjni/include/fbjni/detail/Hybrid.h:210:37: error: no member named 'CxxBase' in 'facebook::jni::detail::HybridTraits<margelo::nitro::JHybridObject>'
    210 |   using detail::HybridTraits<Base>::CxxBase::CxxBase;
        |         ~~~~~~~~~~~~~~~~~~~~~~~~~~~~^
  In file included from /home/rcherki10/Projects/RecallAI/node_modules/react-native-nitro-sqlite/nitrogen/generated/android/c++/JHybridNitroSQLiteOnLoadSpec.cpp:8:
  /home/rcherki10/Projects/RecallAI/node_modules/react-native-nitro-sqlite/nitrogen/generated/android/c++/JHybridNitroSQLiteOnLoadSpec.hpp:25:27: error: unknown type name 'jhybriddata'; did you mean 'JHybridObject::CxxPart::jhybriddata'?
     25 |     static jni::local_ref<jhybriddata> initHybrid(jni::alias_ref<jhybridobject> jThis);
        |                           ^~~~~~~~~~~
        |                           JHybridObject::CxxPart::jhybriddata
  /home/rcherki10/.gradle/caches/8.14.5/transforms/25022d12e37fa0746c81497912ccedb5/transformed/fbjni-0.7.0/prefab/modules/fbjni/include/fbjni/detail/Hybrid.h:192:42: note: 'JHybridObject::CxxPart::jhybriddata' declared here
    192 |   typedef detail::HybridData::javaobject jhybriddata;
        |                                          ^
  In file included from /home/rcherki10/Projects/RecallAI/node_modules/react-native-nitro-sqlite/nitrogen/generated/android/c++/JHybridNitroSQLiteOnLoadSpec.cpp:8:
  /home/rcherki10/Projects/RecallAI/node_modules/react-native-nitro-sqlite/nitrogen/generated/android/c++/JHybridNitroSQLiteOnLoadSpec.hpp:25:66: error: unknown type name 'jhybridobject'; did you mean 'JHybridObject::CxxPart::jhybridobject'?
     25 |     static jni::local_ref<jhybriddata> initHybrid(jni::alias_ref<jhybridobject> jThis);
        |                                                                  ^~~~~~~~~~~~~
        |                                                                  JHybridObject::CxxPart::jhybridobject
  /home/rcherki10/.gradle/caches/8.14.5/transforms/25022d12e37fa0746c81497912ccedb5/transformed/fbjni-0.7.0/prefab/modules/fbjni/include/fbjni/detail/Hybrid.h:190:9: note: 'JHybridObject::CxxPart::jhybridobject' declared here
    190 |   using jhybridobject = typename JavaPart::javaobject;
        |         ^
  In file included from /home/rcherki10/Projects/RecallAI/node_modules/react-native-nitro-sqlite/nitrogen/generated/android/c++/JHybridNitroSQLiteOnLoadSpec.cpp:8:
  /home/rcherki10/Projects/RecallAI/node_modules/react-native-nitro-sqlite/nitrogen/generated/android/c++/JHybridNitroSQLiteOnLoadSpec.hpp:30:58: error: unknown type name 'jhybridobject'; did you mean 'JHybridObject::CxxPart::jhybridobject'?
     30 |     explicit JHybridNitroSQLiteOnLoadSpec(jni::alias_ref<jhybridobject> jThis) :
        |                                                          ^~~~~~~~~~~~~
        |                                                          JHybridObject::CxxPart::jhybridobject
  /home/rcherki10/.gradle/caches/8.14.5/transforms/25022d12e37fa0746c81497912ccedb5/transformed/fbjni-0.7.0/prefab/modules/fbjni/include/fbjni/detail/Hybrid.h:190:9: note: 'JHybridObject::CxxPart::jhybridobject' declared here
    190 |   using jhybridobject = typename JavaPart::javaobject;
        |         ^
  In file included from /home/rcherki10/Projects/RecallAI/node_modules/react-native-nitro-sqlite/nitrogen/generated/android/c++/JHybridNitroSQLiteOnLoadSpec.cpp:8:
  /home/rcherki10/Projects/RecallAI/node_modules/react-native-nitro-sqlite/nitrogen/generated/android/c++/JHybridNitroSQLiteOnLoadSpec.hpp:45:64: error: no member named 'javaobject' in 'margelo::nitro::rnnitrosqlite::JHybridNitroSQLiteOnLoadSpec'
     45 |     inline const jni::global_ref<JHybridNitroSQLiteOnLoadSpec::javaobject>& getJavaPart() const noexcept {
        |                                  ~~~~~~~~~~~~~~~~~~~~~~~~~~~~~~^
  /home/rcherki10/Projects/RecallAI/node_modules/react-native-nitro-sqlite/nitrogen/generated/android/c++/JHybridNitroSQLiteOnLoadSpec.hpp:58:12: error: a type specifier is required for all declarations
     58 |     friend HybridBase;
        |     ~~~~~~ ^
  /home/rcherki10/Projects/RecallAI/node_modules/react-native-nitro-sqlite/nitrogen/generated/android/c++/JHybridNitroSQLiteOnLoadSpec.hpp:58:12: error: friends can only be classes or functions
  /home/rcherki10/Projects/RecallAI/node_modules/react-native-nitro-sqlite/nitrogen/generated/android/c++/JHybridNitroSQLiteOnLoadSpec.hpp:59:11: error: use of undeclared identifier 'HybridBase'
     59 |     using HybridBase::HybridBase;
        |           ^
  /home/rcherki10/Projects/RecallAI/node_modules/react-native-nitro-sqlite/nitrogen/generated/android/c++/JHybridNitroSQLiteOnLoadSpec.hpp:60:51: error: no member named 'javaobject' in 'margelo::nitro::rnnitrosqlite::JHybridNitroSQLiteOnLoadSpec'
     60 |     jni::global_ref<JHybridNitroSQLiteOnLoadSpec::javaobject> _javaPart;
        |                     ~~~~~~~~~~~~~~~~~~~~~~~~~~~~~~^
  /home/rcherki10/Projects/RecallAI/node_modules/react-native-nitro-sqlite/nitrogen/generated/android/c++/JHybridNitroSQLiteOnLoadSpec.cpp:16:48: error: no member named 'jhybriddata' in 'margelo::nitro::rnnitrosqlite::JHybridNitroSQLiteOnLoadSpec'
     16 |   jni::local_ref<JHybridNitroSQLiteOnLoadSpec::jhybriddata> JHybridNitroSQLiteOnLoadSpec::initHybrid(jni::alias_ref<jhybridobject> jThis) {
        |                  ~~~~~~~~~~~~~~~~~~~~~~~~~~~~~~^
  /home/rcherki10/Projects/RecallAI/node_modules/react-native-nitro-sqlite/nitrogen/generated/android/c++/JHybridNitroSQLiteOnLoadSpec.cpp:16:117: error: unknown type name 'jhybridobject'; did you mean 'JHybridObject::CxxPart::jhybridobject'?
     16 |   jni::local_ref<JHybridNitroSQLiteOnLoadSpec::jhybriddata> JHybridNitroSQLiteOnLoadSpec::initHybrid(jni::alias_ref<jhybridobject> jThis) {
        |                                                                                                                     ^~~~~~~~~~~~~
        |                                                                                                                     JHybridObject::CxxPart::jhybridobject
  /home/rcherki10/.gradle/caches/8.14.5/transforms/25022d12e37fa0746c81497912ccedb5/transformed/fbjni-0.7.0/prefab/modules/fbjni/include/fbjni/detail/Hybrid.h:190:9: note: 'JHybridObject::CxxPart::jhybridobject' declared here
    190 |   using jhybridobject = typename JavaPart::javaobject;
        |         ^
  /home/rcherki10/Projects/RecallAI/node_modules/react-native-nitro-sqlite/nitrogen/generated/android/c++/JHybridNitroSQLiteOnLoadSpec.cpp:17:12: error: use of undeclared identifier 'makeCxxInstance'
     17 |     return makeCxxInstance(jThis);
        |            ^
  /home/rcherki10/Projects/RecallAI/node_modules/react-native-nitro-sqlite/nitrogen/generated/android/c++/JHybridNitroSQLiteOnLoadSpec.cpp:21:5: error: use of undeclared identifier 'registerHybrid'
     21 |     registerHybrid({
        |     ^
  /home/rcherki10/Projects/RecallAI/node_modules/react-native-nitro-sqlite/nitrogen/generated/android/c++/JHybridNitroSQLiteOnLoadSpec.cpp:27:32: error: use of undeclared identifier 'javaClassStatic'
     27 |     static const auto method = javaClassStatic()->getMethod<jlong()>("getMemorySize");
        |                                ^
  /home/rcherki10/Projects/RecallAI/node_modules/react-native-nitro-sqlite/nitrogen/generated/android/c++/JHybridNitroSQLiteOnLoadSpec.cpp:32:32: error: use of undeclared identifier 'javaClassStatic'
     32 |     static const auto method = javaClassStatic()->getMethod<void()>("dispose");
        |                                ^
  /home/rcherki10/Projects/RecallAI/node_modules/react-native-nitro-sqlite/nitrogen/generated/android/c++/JHybridNitroSQLiteOnLoadSpec.cpp:41:32: error: use of undeclared identifier 'javaClassStatic'
     41 |     static const auto method = javaClassStatic()->getMethod<void()>("init");
        |                                ^
  19 errors generated.
  [2/3] Building CXX object CMakeFiles/RNNitroSQLite.dir/home/rcherki10/Projects/RecallAI/node_modules/react-native-nitro-sqlite/nitrogen/generated/android/RNNitroSQLiteOnLoad.cpp.o
  FAILED: CMakeFiles/RNNitroSQLite.dir/home/rcherki10/Projects/RecallAI/node_modules/react-native-nitro-sqlite/nitrogen/generated/android/RNNitroSQLiteOnLoad.cpp.o 
  /home/rcherki10/Android/Sdk/ndk/27.1.12297006/toolchains/llvm/prebuilt/linux-x86_64/bin/clang++ --target=aarch64-none-linux-android24 --sysroot=/home/rcherki10/Android/Sdk/ndk/27.1.12297006/toolchains/llvm/prebuilt/linux-x86_64/sysroot -DBUILDING_RNNITROSQLITE_WITH_GENERATED_CMAKE_PROJECT -DFOLLY_CFG_NO_COROUTINES=1 -DFOLLY_HAVE_CLOCK_GETTIME=1 -DFOLLY_HAVE_PTHREAD=1 -DFOLLY_HAVE_RECVMMSG=1 -DFOLLY_HAVE_XSI_STRERROR_R=1 -DFOLLY_MOBILE=1 -DFOLLY_NO_CONFIG=1 -DFOLLY_USE_LIBCPP=1 -DRNNitroSQLite_EXPORTS -I/home/rcherki10/Projects/RecallAI/node_modules/react-native-nitro-sqlite/android/../nitrogen/generated/shared/c++ -I/home/rcherki10/Projects/RecallAI/node_modules/react-native-nitro-sqlite/android/../nitrogen/generated/android/c++ -I/home/rcherki10/Projects/RecallAI/node_modules/react-native-nitro-sqlite/android/../nitrogen/generated/android -I/home/rcherki10/Projects/RecallAI/node_modules/react-native-nitro-sqlite/android/../cpp -I/home/rcherki10/Projects/RecallAI/node_modules/react-native-nitro-sqlite/android/../cpp/specs -I/home/rcherki10/Projects/RecallAI/node_modules/react-native-nitro-sqlite/android/../cpp/sqlite -I/home/rcherki10/Projects/RecallAI/node_modules/react-native-nitro-sqlite/android/src/main/cpp -isystem /home/rcherki10/.gradle/caches/8.14.5/transforms/25022d12e37fa0746c81497912ccedb5/transformed/fbjni-0.7.0/prefab/modules/fbjni/include -isystem /home/rcherki10/.gradle/caches/8.14.5/transforms/c0fe9a23dbe37156837cf26e4005c4e6/transformed/react-android-0.81.5-release/prefab/modules/jsi/include -isystem /home/rcherki10/Projects/RecallAI/node_modules/react-native-nitro-modules/android/build/headers/nitromodules -isystem /home/rcherki10/.gradle/caches/8.14.5/transforms/c0fe9a23dbe37156837cf26e4005c4e6/transformed/react-android-0.81.5-release/prefab/modules/reactnative/include -g -DANDROID -fdata-sections -ffunction-sections -funwind-tables -fstack-protector-strong -no-canonical-prefixes -D__BIONIC_NO_PAGE_SIZE_MACRO -D_FORTIFY_SOURCE=2 -Wformat -Werror=format-security   -O2 -g -DNDEBUG -fPIC -DLOG_TAG=\"ReactNative\" -fexceptions -frtti -fstack-protector-all -O2 -Wall -DONANDROID -std=c++20 -MD -MT CMakeFiles/RNNitroSQLite.dir/home/rcherki10/Projects/RecallAI/node_modules/react-native-nitro-sqlite/nitrogen/generated/android/RNNitroSQLiteOnLoad.cpp.o -MF CMakeFiles/RNNitroSQLite.dir/home/rcherki10/Projects/RecallAI/node_modules/react-native-nitro-sqlite/nitrogen/generated/android/RNNitroSQLiteOnLoad.cpp.o.d -o CMakeFiles/RNNitroSQLite.dir/home/rcherki10/Projects/RecallAI/node_modules/react-native-nitro-sqlite/nitrogen/generated/android/RNNitroSQLiteOnLoad.cpp.o -c /home/rcherki10/Projects/RecallAI/node_modules/react-native-nitro-sqlite/nitrogen/generated/android/RNNitroSQLiteOnLoad.cpp
  In file included from /home/rcherki10/Projects/RecallAI/node_modules/react-native-nitro-sqlite/nitrogen/generated/android/RNNitroSQLiteOnLoad.cpp:15:
  In file included from /home/rcherki10/.gradle/caches/8.14.5/transforms/25022d12e37fa0746c81497912ccedb5/transformed/fbjni-0.7.0/prefab/modules/fbjni/include/fbjni/fbjni.h:25:
  /home/rcherki10/.gradle/caches/8.14.5/transforms/25022d12e37fa0746c81497912ccedb5/transformed/fbjni-0.7.0/prefab/modules/fbjni/include/fbjni/detail/Hybrid.h:107:7: error: static assertion failed due to requirement 'std::is_base_of<facebook::jni::JObject, margelo::nitro::JHybridObject>::value || std::is_base_of<facebook::jni::detail::BaseHybridClass, margelo::nitro::JHybridObject>::value': The base of a HybridClass must be either another HybridClass or derived from JObject.
    107 |       std::is_base_of<JObject, Base>::value ||
        |       ^~~~~~~~~~~~~~~~~~~~~~~~~~~~~~~~~~~~~~~~
    108 |           std::is_base_of<BaseHybridClass, Base>::value,
        |           ~~~~~~~~~~~~~~~~~~~~~~~~~~~~~~~~~~~~~~~~~~~~~
  /home/rcherki10/.gradle/caches/8.14.5/transforms/25022d12e37fa0746c81497912ccedb5/transformed/fbjni-0.7.0/prefab/modules/fbjni/include/fbjni/detail/Hybrid.h:167:36: note: in instantiation of template class 'facebook::jni::detail::HybridTraits<margelo::nitro::JHybridObject>' requested here
    167 | class HybridClass : public detail::HybridTraits<Base>::CxxBase {
        |                                    ^
  /home/rcherki10/Projects/RecallAI/node_modules/react-native-nitro-sqlite/android/../nitrogen/generated/android/c++/JHybridNitroSQLiteOnLoadSpec.hpp:21:46: note: in instantiation of template class 'facebook::jni::HybridClass<margelo::nitro::rnnitrosqlite::JHybridNitroSQLiteOnLoadSpec, margelo::nitro::JHybridObject>' requested here
     21 |   class JHybridNitroSQLiteOnLoadSpec: public jni::HybridClass<JHybridNitroSQLiteOnLoadSpec, JHybridObject>,
        |                                              ^
  In file included from /home/rcherki10/Projects/RecallAI/node_modules/react-native-nitro-sqlite/nitrogen/generated/android/RNNitroSQLiteOnLoad.cpp:15:
  In file included from /home/rcherki10/.gradle/caches/8.14.5/transforms/25022d12e37fa0746c81497912ccedb5/transformed/fbjni-0.7.0/prefab/modules/fbjni/include/fbjni/fbjni.h:25:
  /home/rcherki10/.gradle/caches/8.14.5/transforms/25022d12e37fa0746c81497912ccedb5/transformed/fbjni-0.7.0/prefab/modules/fbjni/include/fbjni/detail/Hybrid.h:170:66: error: no type named 'JavaBase' in 'facebook::jni::detail::HybridTraits<margelo::nitro::JHybridObject>'
    170 |       : JavaClass<JavaPart, typename detail::HybridTraits<Base>::JavaBase> {
        |                             ~~~~~~~~~~~~~~~~~~~~~~~~~~~~~~~~~~~~~^~~~~~~~
  /home/rcherki10/.gradle/caches/8.14.5/transforms/25022d12e37fa0746c81497912ccedb5/transformed/fbjni-0.7.0/prefab/modules/fbjni/include/fbjni/detail/Hybrid.h:190:34: note: in instantiation of member class 'facebook::jni::HybridClass<margelo::nitro::rnnitrosqlite::JHybridNitroSQLiteOnLoadSpec, margelo::nitro::JHybridObject>::JavaPart' requested here
    190 |   using jhybridobject = typename JavaPart::javaobject;
        |                                  ^
  /home/rcherki10/Projects/RecallAI/node_modules/react-native-nitro-sqlite/android/../nitrogen/generated/android/c++/JHybridNitroSQLiteOnLoadSpec.hpp:21:46: note: in instantiation of template class 'facebook::jni::HybridClass<margelo::nitro::rnnitrosqlite::JHybridNitroSQLiteOnLoadSpec, margelo::nitro::JHybridObject>' requested here
     21 |   class JHybridNitroSQLiteOnLoadSpec: public jni::HybridClass<JHybridNitroSQLiteOnLoadSpec, JHybridObject>,
        |                                              ^
  In file included from /home/rcherki10/Projects/RecallAI/node_modules/react-native-nitro-sqlite/nitrogen/generated/android/RNNitroSQLiteOnLoad.cpp:15:
  In file included from /home/rcherki10/.gradle/caches/8.14.5/transforms/25022d12e37fa0746c81497912ccedb5/transformed/fbjni-0.7.0/prefab/modules/fbjni/include/fbjni/fbjni.h:25:
  /home/rcherki10/.gradle/caches/8.14.5/transforms/25022d12e37fa0746c81497912ccedb5/transformed/fbjni-0.7.0/prefab/modules/fbjni/include/fbjni/detail/Hybrid.h:191:41: error: no type named 'javaobject' in 'facebook::jni::HybridClass<margelo::nitro::rnnitrosqlite::JHybridNitroSQLiteOnLoadSpec, margelo::nitro::JHybridObject>::JavaPart'
    191 |   using javaobject = typename JavaPart::javaobject;
        |                      ~~~~~~~~~~~~~~~~~~~^~~~~~~~~~
  /home/rcherki10/Projects/RecallAI/node_modules/react-native-nitro-sqlite/android/../nitrogen/generated/android/c++/JHybridNitroSQLiteOnLoadSpec.hpp:21:46: note: in instantiation of template class 'facebook::jni::HybridClass<margelo::nitro::rnnitrosqlite::JHybridNitroSQLiteOnLoadSpec, margelo::nitro::JHybridObject>' requested here
     21 |   class JHybridNitroSQLiteOnLoadSpec: public jni::HybridClass<JHybridNitroSQLiteOnLoadSpec, JHybridObject>,
        |                                              ^
  In file included from /home/rcherki10/Projects/RecallAI/node_modules/react-native-nitro-sqlite/nitrogen/generated/android/RNNitroSQLiteOnLoad.cpp:15:
  In file included from /home/rcherki10/.gradle/caches/8.14.5/transforms/25022d12e37fa0746c81497912ccedb5/transformed/fbjni-0.7.0/prefab/modules/fbjni/include/fbjni/fbjni.h:25:
  /home/rcherki10/.gradle/caches/8.14.5/transforms/25022d12e37fa0746c81497912ccedb5/transformed/fbjni-0.7.0/prefab/modules/fbjni/include/fbjni/detail/Hybrid.h:210:37: error: no member named 'CxxBase' in 'facebook::jni::detail::HybridTraits<margelo::nitro::JHybridObject>'
    210 |   using detail::HybridTraits<Base>::CxxBase::CxxBase;
        |         ~~~~~~~~~~~~~~~~~~~~~~~~~~~~^
  In file included from /home/rcherki10/Projects/RecallAI/node_modules/react-native-nitro-sqlite/nitrogen/generated/android/RNNitroSQLiteOnLoad.cpp:18:
  /home/rcherki10/Projects/RecallAI/node_modules/react-native-nitro-sqlite/android/../nitrogen/generated/android/c++/JHybridNitroSQLiteOnLoadSpec.hpp:25:27: error: unknown type name 'jhybriddata'; did you mean 'JHybridObject::CxxPart::jhybriddata'?
     25 |     static jni::local_ref<jhybriddata> initHybrid(jni::alias_ref<jhybridobject> jThis);
        |                           ^~~~~~~~~~~
        |                           JHybridObject::CxxPart::jhybriddata
  /home/rcherki10/.gradle/caches/8.14.5/transforms/25022d12e37fa0746c81497912ccedb5/transformed/fbjni-0.7.0/prefab/modules/fbjni/include/fbjni/detail/Hybrid.h:192:42: note: 'JHybridObject::CxxPart::jhybriddata' declared here
    192 |   typedef detail::HybridData::javaobject jhybriddata;
        |                                          ^
  In file included from /home/rcherki10/Projects/RecallAI/node_modules/react-native-nitro-sqlite/nitrogen/generated/android/RNNitroSQLiteOnLoad.cpp:18:
  /home/rcherki10/Projects/RecallAI/node_modules/react-native-nitro-sqlite/android/../nitrogen/generated/android/c++/JHybridNitroSQLiteOnLoadSpec.hpp:25:66: error: unknown type name 'jhybridobject'; did you mean 'JHybridObject::CxxPart::jhybridobject'?
     25 |     static jni::local_ref<jhybriddata> initHybrid(jni::alias_ref<jhybridobject> jThis);
        |                                                                  ^~~~~~~~~~~~~
        |                                                                  JHybridObject::CxxPart::jhybridobject
  /home/rcherki10/.gradle/caches/8.14.5/transforms/25022d12e37fa0746c81497912ccedb5/transformed/fbjni-0.7.0/prefab/modules/fbjni/include/fbjni/detail/Hybrid.h:190:9: note: 'JHybridObject::CxxPart::jhybridobject' declared here
    190 |   using jhybridobject = typename JavaPart::javaobject;
        |         ^
  In file included from /home/rcherki10/Projects/RecallAI/node_modules/react-native-nitro-sqlite/nitrogen/generated/android/RNNitroSQLiteOnLoad.cpp:18:
  /home/rcherki10/Projects/RecallAI/node_modules/react-native-nitro-sqlite/android/../nitrogen/generated/android/c++/JHybridNitroSQLiteOnLoadSpec.hpp:30:58: error: unknown type name 'jhybridobject'; did you mean 'JHybridObject::CxxPart::jhybridobject'?
     30 |     explicit JHybridNitroSQLiteOnLoadSpec(jni::alias_ref<jhybridobject> jThis) :
        |                                                          ^~~~~~~~~~~~~
        |                                                          JHybridObject::CxxPart::jhybridobject
  /home/rcherki10/.gradle/caches/8.14.5/transforms/25022d12e37fa0746c81497912ccedb5/transformed/fbjni-0.7.0/prefab/modules/fbjni/include/fbjni/detail/Hybrid.h:190:9: note: 'JHybridObject::CxxPart::jhybridobject' declared here
    190 |   using jhybridobject = typename JavaPart::javaobject;
        |         ^
  In file included from /home/rcherki10/Projects/RecallAI/node_modules/react-native-nitro-sqlite/nitrogen/generated/android/RNNitroSQLiteOnLoad.cpp:18:
  /home/rcherki10/Projects/RecallAI/node_modules/react-native-nitro-sqlite/android/../nitrogen/generated/android/c++/JHybridNitroSQLiteOnLoadSpec.hpp:45:64: error: no member named 'javaobject' in 'margelo::nitro::rnnitrosqlite::JHybridNitroSQLiteOnLoadSpec'
     45 |     inline const jni::global_ref<JHybridNitroSQLiteOnLoadSpec::javaobject>& getJavaPart() const noexcept {
        |                                  ~~~~~~~~~~~~~~~~~~~~~~~~~~~~~~^
  /home/rcherki10/Projects/RecallAI/node_modules/react-native-nitro-sqlite/android/../nitrogen/generated/android/c++/JHybridNitroSQLiteOnLoadSpec.hpp:58:12: error: a type specifier is required for all declarations
     58 |     friend HybridBase;
        |     ~~~~~~ ^
  /home/rcherki10/Projects/RecallAI/node_modules/react-native-nitro-sqlite/android/../nitrogen/generated/android/c++/JHybridNitroSQLiteOnLoadSpec.hpp:58:12: error: friends can only be classes or functions
  /home/rcherki10/Projects/RecallAI/node_modules/react-native-nitro-sqlite/android/../nitrogen/generated/android/c++/JHybridNitroSQLiteOnLoadSpec.hpp:59:11: error: use of undeclared identifier 'HybridBase'
     59 |     using HybridBase::HybridBase;
        |           ^
  /home/rcherki10/Projects/RecallAI/node_modules/react-native-nitro-sqlite/android/../nitrogen/generated/android/c++/JHybridNitroSQLiteOnLoadSpec.hpp:60:51: error: no member named 'javaobject' in 'margelo::nitro::rnnitrosqlite::JHybridNitroSQLiteOnLoadSpec'
     60 |     jni::global_ref<JHybridNitroSQLiteOnLoadSpec::javaobject> _javaPart;
        |                     ~~~~~~~~~~~~~~~~~~~~~~~~~~~~~~^
  /home/rcherki10/Projects/RecallAI/node_modules/react-native-nitro-sqlite/nitrogen/generated/android/RNNitroSQLiteOnLoad.cpp:47:73: error: no member named 'javaobject' in 'margelo::nitro::rnnitrosqlite::JHybridNitroSQLiteOnLoadSpec'
     47 |         static DefaultConstructableObject<JHybridNitroSQLiteOnLoadSpec::javaobject> object("com/margelo/nitro/rnnitrosqlite/HybridNitroSQLiteOnLoad");
        |                                           ~~~~~~~~~~~~~~~~~~~~~~~~~~~~~~^
  13 errors generated.
  ninja: build stopped: subcommand failed.
  
  C++ build system [build] failed while executing:
      /home/rcherki10/Android/Sdk/cmake/3.22.1/bin/ninja \
        -C \
        /home/rcherki10/Projects/RecallAI/node_modules/react-native-nitro-sqlite/android/.cxx/RelWithDebInfo/1se1x1xr/arm64-v8a \
        RNNitroSQLite
    from /home/rcherki10/Projects/RecallAI/node_modules/react-native-nitro-sqlite/android

* Try:
> Run with --stacktrace option to get the stack trace.
> Run with --info or --debug option to get more log output.
> Run with --scan to get full insights.
> Get more help at https://help.gradle.org.

Deprecated Gradle features were used in this build, making it incompatible with Gradle 9.0.

You can use '--warning-mode all' to show the individual deprecation warnings and determine if they come from your own scripts or plugins.

For more on this, please refer to https://docs.gradle.org/8.14.5/userguide/command_line_interface.html#sec:command_line_warnings in the Gradle documentation.

BUILD FAILED in 20s
68 actionable tasks: 30 executed, 38 up-to-date
